// Jest Snapshot v1, https://goo.gl/fbAQLP

exports[`ArticleList renders correctly 1`] = `
<div>
  <ArticleContainer
    article={
      Object {
        "id": "a",
      }
    }
    key="a"
  />
  <ArticleContainer
    article={
      Object {
        "id": "b",
      }
    }
    key="b"
  />
</div>
`;
